
Memory Configuration

Name             Origin             Length             Attributes
*default*        0x00000000         0xffffffff

Linker script and memory map


.vects          0x00000000        0x4
 *(.vects)
 .vects         0x00000000        0x4 C:\WorkSpace\Prokop_A22B0330P\Prokop_A22B0330P\Debug\section_intvect.o

.text           0x00000400      0x23c
 *(.text)
 .text          0x00000400        0x0 C:\WorkSpace\Prokop_A22B0330P\Prokop_A22B0330P\Debug\section_intvect.o
 .text          0x00000400      0x23c C:\WorkSpace\Prokop_A22B0330P\Prokop_A22B0330P\Debug\main.o
                0x00000400                start
 *(.text.*)
                0x0000063c                etext = .

.init
 *(.init)

.fini
 *(.fini)

.got
 *(.got)
 *(.got.plt)

.rodata         0x0000063c        0x0
 *(.rodata)
 *(.rodata.*)
                0x0000063c                _erodata = .

.eh_frame_hdr
 *(.eh_frame_hdr)

.eh_frame
 *(.eh_frame)

.jcr
 *(.jcr)

.tors           0x0000063c        0x0
                0x0000063c                __CTOR_LIST__ = .
                0x0000063c                ___ctors = .
 *(.ctors)
                0x0000063c                ___ctors_end = .
                0x0000063c                __CTOR_END__ = .
                0x0000063c                __DTOR_LIST__ = .
                0x0000063c                ___dtors = .
 *(.dtors)
                0x0000063c                ___dtors_end = .
                0x0000063c                __DTOR_END__ = .
                0x0000063c                _mdata = .

.data           0x00ff4000      0x174
                0x00ff4000                _data = .
 *(.data)
 .data          0x00ff4000        0x0 C:\WorkSpace\Prokop_A22B0330P\Prokop_A22B0330P\Debug\section_intvect.o
 .data          0x00ff4000      0x174 C:\WorkSpace\Prokop_A22B0330P\Prokop_A22B0330P\Debug\main.o
 *(.data.*)
                0x00ff4174                _edata = .

.gcc_exc
 *(.gcc_exc)

.bss            0x00ff4174        0x0
                0x00ff4174                _bss = .
 *(.bss)
 .bss           0x00ff4174        0x0 C:\WorkSpace\Prokop_A22B0330P\Prokop_A22B0330P\Debug\section_intvect.o
 .bss           0x00ff4174        0x0 C:\WorkSpace\Prokop_A22B0330P\Prokop_A22B0330P\Debug\main.o
 *(.bss.*)
 *(COMMON)
                0x00ff4174                _ebss = .
                0x00ff4174                _end = .

.stack          0x00ffc000        0x0
                0x00ffc000                _stack = .
LOAD C:\WorkSpace\Prokop_A22B0330P\Prokop_A22B0330P\Debug\section_intvect.o
LOAD C:\WorkSpace\Prokop_A22B0330P\Prokop_A22B0330P\Debug\main.o
START GROUP
LOAD c:\program files (x86)\renesas\hew\tools\kpit cummins\gnuh8-elf\v11.02\h8300-elf\h8300-elf\lib\h8300s\liboptc.a
LOAD c:\program files (x86)\renesas\hew\tools\kpit cummins\gnuh8-elf\v11.02\h8300-elf\h8300-elf\lib\h8300s\liboptm.a
LOAD c:\program files (x86)\renesas\hew\tools\kpit cummins\gnuh8-elf\v11.02\h8300-elf\lib\gcc\h8300-elf\4.5-GNUH8_v11.02\h8300s\libgcc.a
END GROUP
OUTPUT(C:\WorkSpace\Prokop_A22B0330P\Prokop_A22B0330P\Debug\Prokop_A22B0330P.x elf32-h8300)

.debug_line     0x00000000      0x129
 .debug_line    0x00000000      0x129 C:\WorkSpace\Prokop_A22B0330P\Prokop_A22B0330P\Debug\main.o

.debug_info     0x00000000       0x9e
 .debug_info    0x00000000       0x9e C:\WorkSpace\Prokop_A22B0330P\Prokop_A22B0330P\Debug\main.o

.debug_abbrev   0x00000000       0x14
 .debug_abbrev  0x00000000       0x14 C:\WorkSpace\Prokop_A22B0330P\Prokop_A22B0330P\Debug\main.o

.debug_aranges  0x00000000       0x20
 .debug_aranges
                0x00000000       0x20 C:\WorkSpace\Prokop_A22B0330P\Prokop_A22B0330P\Debug\main.o


==============================================================

Listfile generated by KPIT GNUH8 [ELF]-v11.02 on Friday, July 21, 2023, 13:18:42

Build options:

-T "C:\WorkSpace\Prokop_A22B0330P\Prokop_A22B0330P\Debug\Prokop_A22B0330P_Debug_auto.gsi"
-T "C:\WorkSpace\Prokop_A22B0330P\Prokop_A22B0330P\Debug\Prokop_A22B0330P_input.tmp" 
-L "c:\program files (x86)\renesas\hew\tools\kpit cummins\gnuh8-elf\v11.02\h8300-elf\lib\gcc\h8300-elf\4.5-GNUH8_v11.02\h8300s"
-L "c:\program files (x86)\renesas\hew\tools\kpit cummins\gnuh8-elf\v11.02\h8300-elf\h8300-elf\lib\h8300s"
-Map "C:\WorkSpace\Prokop_A22B0330P\Prokop_A22B0330P\Debug\Prokop_A22B0330P.map"
-( -l "optc" -l "optm" -l "gcc" -)
-o "C:\WorkSpace\Prokop_A22B0330P\Prokop_A22B0330P\Debug\Prokop_A22B0330P.x"
-e _start
INPUT("C:\WorkSpace\Prokop_A22B0330P\Prokop_A22B0330P\Debug\section_intvect.o")
INPUT("C:\WorkSpace\Prokop_A22B0330P\Prokop_A22B0330P\Debug\main.o")
